Initializing client  2
Client 2 operational node listening actively on 127.0.0.1:9712
Received request from server. Transaction:  {'type': 'balance', 'from': '2'}
Adding new request [[1, '2']]
Sending reply to client 1
Adding new request [[1, '1'], [1, '2']]
Sending reply to client 3
Adding new request [[1, '1'], [1, '2'], [1, '3']]
Sending reply to client 4
Adding new request [[1, '1'], [1, '2'], [1, '3'], [1, '4']]
Sending reply to client 5
Adding new request [[1, '1'], [1, '2'], [1, '3'], [1, '4'], [1, '5']]
Sending requests to clients....
Received reply from  1
Received reply from  3
Received reply from  4
Received reply from  5
Head of execution queue:  [[1, '1'], [1, '2'], [1, '3'], [1, '4'], [1, '5']]
Release received from ............. 1
Queue state post-release: [[1, '2'], [1, '3'], [1, '4'], [1, '5']]
Head of execution queue:  [[1, '2'], [1, '3'], [1, '4'], [1, '5']]
Executing transfer request
Finished execution. Reply from server:  10
Release received from ............. 3
Queue state post-release: [[1, '4'], [1, '5']]
Head of execution queue:  [[1, '4'], [1, '5']]
Release received from ............. 4
Queue state post-release: [[1, '5']]
Head of execution queue:  [[1, '5']]
Release received from ............. 5
Queue state post-release: []
Head of execution queue:  []
Received request from server. Transaction:  {'type': 'send_money', 'from': '2', 'to': '1', 'amount': '3.5'}
Adding new request [[7, '2']]
Sending reply to client 1
Adding new request [[7, '2'], [9, '1']]
Sending reply to client 1
Adding new request [[7, '2'], [8, '1'], [9, '1']]
Sending requests to clients....
Received reply from  1
Received reply from  3
Received reply from  4
Received reply from  5
Head of execution queue:  [[7, '2'], [8, '1'], [9, '1']]
Sending reply to client 1
Adding new request [[7, '1'], [7, '2'], [8, '1'], [9, '1']]
Sending reply to client 4
Adding new request [[7, '1'], [7, '2'], [7, '4'], [8, '1'], [9, '1']]
Sending reply to client 1
Adding new request [[7, '1'], [7, '2'], [7, '4'], [8, '1'], [9, '1'], [10, '1']]
Release received from ............. 1
Queue state post-release: [[7, '2'], [7, '4']]
Head of execution queue:  [[7, '2'], [7, '4']]
Executing transfer request
Finished execution. Reply from server:  pass
Release received from ............. 4
Queue state post-release: []
Head of execution queue:  []
Release received from ............. 1
Queue state post-release: []
Head of execution queue:  []
Sending reply to client 1
Adding new request [[15, '1']]
Release received from ............. 1
Queue state post-release: []
Head of execution queue:  []
Release received from ............. 1
Queue state post-release: []
Head of execution queue:  []
Release received from ............. 1
Queue state post-release: []
Head of execution queue:  []
Received request from server. Transaction:  {'type': 'balance', 'from': '2'}
Adding new request [[17, '2']]
Sending reply to client 5
Adding new request [[17, '2'], [17, '5']]
Sending requests to clients....
Received reply from  1
Received reply from  3
Received reply from  4
Received reply from  5
Head of execution queue:  [[17, '2'], [17, '5']]
Sending reply to client 3
Adding new request [[17, '2'], [17, '3'], [17, '5']]
Sending reply to client 4
Adding new request [[17, '2'], [17, '3'], [17, '4'], [17, '5']]
Executing transfer request
Finished execution. Reply from server:  9.6
Release received from ............. 3
Queue state post-release: [[17, '4'], [17, '5']]
Head of execution queue:  [[17, '4'], [17, '5']]
Release received from ............. 4
Queue state post-release: [[17, '5']]
Head of execution queue:  [[17, '5']]
Release received from ............. 5
Queue state post-release: []
Head of execution queue:  []
Sending reply to client 5
Adding new request [[22, '5']]
Release received from ............. 5
Queue state post-release: []
Head of execution queue:  []
Sending reply to client 1
Adding new request [[24, '1']]
Release received from ............. 1
Queue state post-release: []
Head of execution queue:  []
Received request from server. Transaction:  {'type': 'balance', 'from': '2'}
Adding new request [[26, '2']]
Sending reply to client 3
Adding new request [[26, '2'], [26, '3']]
Sending reply to client 4
Adding new request [[26, '2'], [26, '3'], [26, '4']]
Sending reply to client 5
Adding new request [[26, '2'], [26, '3'], [26, '4'], [26, '5']]
Sending reply to client 1
Adding new request [[26, '1'], [26, '2'], [26, '3'], [26, '4'], [26, '5']]
Sending requests to clients....
Received reply from  1
Received reply from  3
Received reply from  4
Received reply from  5
Head of execution queue:  [[26, '1'], [26, '2'], [26, '3'], [26, '4'], [26, '5']]
Release received from ............. 1
Queue state post-release: [[26, '2'], [26, '3'], [26, '4'], [26, '5']]
Head of execution queue:  [[26, '2'], [26, '3'], [26, '4'], [26, '5']]
Executing transfer request
Finished execution. Reply from server:  13.899999999999999
Release received from ............. 3
Queue state post-release: [[26, '4'], [26, '5']]
Head of execution queue:  [[26, '4'], [26, '5']]
Release received from ............. 4
Queue state post-release: [[26, '5']]
Head of execution queue:  [[26, '5']]
Release received from ............. 5
Queue state post-release: []
Head of execution queue:  []
Received request from server. Transaction:  {'type': 'balance', 'from': '2'}
Adding new request [[32, '2']]
Sending reply to client 1
Adding new request [[32, '1'], [32, '2']]
Sending reply to client 3
Adding new request [[32, '1'], [32, '2'], [32, '3']]
Sending requests to clients....
Received reply from  1
Received reply from  3
Received reply from  4
Received reply from  5
Head of execution queue:  [[32, '1'], [32, '2'], [32, '3']]
Sending reply to client 5
Adding new request [[32, '1'], [32, '2'], [32, '3'], [32, '5']]
Sending reply to client 4
Adding new request [[32, '1'], [32, '2'], [32, '3'], [32, '4'], [32, '5']]
Release received from ............. 1
Queue state post-release: [[32, '2'], [32, '3'], [32, '4'], [32, '5']]
Head of execution queue:  [[32, '2'], [32, '3'], [32, '4'], [32, '5']]
Executing transfer request
Finished execution. Reply from server:  13.899999999999999
Release received from ............. 3
Queue state post-release: [[32, '4'], [32, '5']]
Head of execution queue:  [[32, '4'], [32, '5']]
Release received from ............. 4
Queue state post-release: [[32, '5']]
Head of execution queue:  [[32, '5']]
Release received from ............. 5
Queue state post-release: []
Head of execution queue:  []
Sending reply to client 1
Adding new request [[39, '1']]
Sending reply to client 1
Adding new request [[39, '1'], [40, '1']]
Sending reply to client 1
Adding new request [[38, '1'], [39, '1'], [40, '1']]
Release received from ............. 1
Queue state post-release: []
Head of execution queue:  []
Release received from ............. 1
Queue state post-release: []
Head of execution queue:  []
Release received from ............. 1
Queue state post-release: []
Head of execution queue:  []
Received request from server. Transaction:  {'type': 'send_money', 'from': '2', 'to': '1', 'amount': '5.7'}
Adding new request [[43, '2']]
Received request from server. Transaction:  {'type': 'balance', 'from': '2'}
Adding new request [[43, '2'], [44, '2']]
Sending requests to clients....
Received reply from  1
Received reply from  3
Received reply from  4
Received reply from  5
Head of execution queue:  [[43, '2'], [44, '2']]
Sending reply to client 4
Adding new request [[43, '2'], [43, '4'], [44, '2']]
Sending requests to clients....
Received reply from  1
Head of execution queue:  [[43, '2'], [43, '4'], [44, '2']]
Received reply from  3
Head of execution queue:  [[43, '2'], [43, '4'], [44, '2']]
Received reply from  4
Head of execution queue:  [[43, '2'], [43, '4'], [44, '2']]
Received reply from  5
Head of execution queue:  [[43, '2'], [43, '4'], [44, '2']]
Sending reply to client 3
Adding new request [[43, '2'], [43, '3'], [43, '4'], [44, '2']]
Executing transfer request
Finished execution. Reply from server:  pass
Release received from ............. 3
Queue state post-release: [[43, '4'], [44, '2']]
Head of execution queue:  [[43, '4'], [44, '2']]
Release received from ............. 4
Queue state post-release: [[44, '2']]
Head of execution queue:  [[44, '2']]
Executing transfer request
Finished execution. Reply from server:  11.399999999999999
Sending reply to client 1
Adding new request [[49, '1']]
Release received from ............. 1
Queue state post-release: []
Head of execution queue:  []
Sending reply to client 3
Adding new request [[51, '3']]
Release received from ............. 3
Queue state post-release: []
Head of execution queue:  []
Sending reply to client 3
Adding new request [[53, '3']]
Release received from ............. 3
Queue state post-release: []
Head of execution queue:  []
Received request from server. Transaction:  {'type': 'send_money', 'from': '2', 'to': '5', 'amount': '2.1'}
Adding new request [[55, '2']]
Received request from server. Transaction:  {'type': 'send_money', 'from': '2', 'to': '4', 'amount': '5.6'}
Adding new request [[55, '2'], [56, '2']]
Sending requests to clients....
Received reply from  1
Received reply from  3
Received reply from  4
Received reply from  5
Head of execution queue:  [[55, '2'], [56, '2']]
Sending reply to client 5
Adding new request [[55, '2'], [55, '5'], [56, '2']]
Sending reply to client 1
Adding new request [[55, '2'], [55, '5'], [56, '1'], [56, '2']]
Sending reply to client 4
Adding new request [[55, '2'], [55, '4'], [55, '5'], [56, '1'], [56, '2']]
Executing transfer request
Sending reply to client 1
Adding new request [[55, '1'], [55, '4'], [55, '5'], [56, '1'], [56, '2']]
Sending requests to clients....
Received reply from  1
Received reply from  4
Received reply from  3
Received reply from  5
Head of execution queue:  [[55, '1'], [55, '4'], [55, '5'], [56, '1'], [56, '2']]
Release received from ............. 1
Queue state post-release: [[55, '4'], [55, '5'], [56, '2']]
Head of execution queue:  [[55, '4'], [55, '5'], [56, '2']]
Finished execution. Reply from server:  pass
Release received from ............. 4
Queue state post-release: [[55, '5'], [56, '2']]
Head of execution queue:  [[55, '5'], [56, '2']]
Release received from ............. 5
Queue state post-release: [[56, '2']]
Head of execution queue:  [[56, '2']]
Executing transfer request
Finished execution. Reply from server:  pass
Release received from ............. 1
Queue state post-release: []
Head of execution queue:  []
Sending reply to client 1
Adding new request [[63, '1']]
Release received from ............. 1
Queue state post-release: []
Head of execution queue:  []
Received request from server. Transaction:  {'type': 'balance', 'from': '2'}
Adding new request [[65, '2']]
Sending reply to client 5
Adding new request [[65, '2'], [65, '5']]
Sending requests to clients....
Received reply from  1
Received reply from  5
Received reply from  3
Received reply from  4
Head of execution queue:  [[65, '2'], [65, '5']]
Sending reply to client 4
Adding new request [[65, '2'], [65, '4'], [65, '5']]
Executing transfer request
Finished execution. Reply from server:  12.4
Sending reply to client 3
Adding new request [[65, '3'], [65, '4'], [65, '5']]
Sending reply to client 1
Adding new request [[65, '1'], [65, '3'], [65, '4'], [65, '5']]
Release received from ............. 1
Queue state post-release: [[65, '3'], [65, '4'], [65, '5']]
Head of execution queue:  [[65, '3'], [65, '4'], [65, '5']]
Release received from ............. 3
Queue state post-release: [[65, '4'], [65, '5']]
Head of execution queue:  [[65, '4'], [65, '5']]
Release received from ............. 4
Queue state post-release: [[65, '5']]
Head of execution queue:  [[65, '5']]
Release received from ............. 5
Queue state post-release: []
Head of execution queue:  []
Received request from server. Transaction:  {'type': 'send_money', 'from': '2', 'to': '1', 'amount': '3.3'}
Adding new request [[71, '2']]
Sending reply to client 1
Adding new request [[71, '2'], [72, '1']]
Sending reply to client 1
Adding new request [[71, '2'], [72, '1'], [73, '1']]
Sending reply to client 1
Adding new request [[71, '1'], [71, '2'], [72, '1'], [73, '1']]
Sending requests to clients....
Received reply from  1
Received reply from  4
Received reply from  3
Received reply from  5
Head of execution queue:  [[71, '1'], [71, '2'], [72, '1'], [73, '1']]
Release received from ............. 1
Queue state post-release: [[71, '2']]
Head of execution queue:  [[71, '2']]
Executing transfer request
Finished execution. Reply from server:  pass
Release received from ............. 1
Queue state post-release: []
Head of execution queue:  []
Sending reply to client 1
Adding new request [[77, '1']]
Release received from ............. 1
Queue state post-release: []
Head of execution queue:  []
Release received from ............. 1
Queue state post-release: []
Head of execution queue:  []
Sending reply to client 1
Adding new request [[80, '1']]
Release received from ............. 1
Queue state post-release: []
Head of execution queue:  []
Received request from server. Transaction:  {'type': 'balance', 'from': '2'}
Adding new request [[82, '2']]
Sending reply to client 1
Adding new request [[82, '1'], [82, '2']]
Sending reply to client 4
Adding new request [[82, '1'], [82, '2'], [82, '4']]
Sending reply to client 3
Adding new request [[82, '1'], [82, '2'], [82, '3'], [82, '4']]
Sending requests to clients....
Received reply from  1
Received reply from  3
Received reply from  4
Received reply from  5
Head of execution queue:  [[82, '1'], [82, '2'], [82, '3'], [82, '4']]
Release received from ............. 1
Queue state post-release: [[82, '2'], [82, '3'], [82, '4']]
Head of execution queue:  [[82, '2'], [82, '3'], [82, '4']]
Sending reply to client 5
Adding new request [[82, '2'], [82, '3'], [82, '4'], [82, '5']]
Executing transfer request
Finished execution. Reply from server:  10.3
Release received from ............. 3
Queue state post-release: [[82, '4'], [82, '5']]
Head of execution queue:  [[82, '4'], [82, '5']]
Release received from ............. 4
Queue state post-release: [[82, '5']]
Head of execution queue:  [[82, '5']]
Release received from ............. 5
Queue state post-release: []
Head of execution queue:  []
Sending reply to client 1
Adding new request [[90, '1']]
Sending reply to client 1
Adding new request [[88, '1'], [90, '1']]
Sending reply to client 5
Adding new request [[88, '1'], [88, '5'], [90, '1']]
Sending reply to client 1
Adding new request [[88, '1'], [88, '5'], [89, '1'], [90, '1']]
Sending reply to client 4
Adding new request [[88, '1'], [88, '4'], [88, '5'], [89, '1'], [90, '1']]
Release received from ............. 1
Queue state post-release: [[88, '4'], [88, '5']]
Head of execution queue:  [[88, '4'], [88, '5']]
Release received from ............. 4
Queue state post-release: [[88, '5']]
Head of execution queue:  [[88, '5']]
Release received from ............. 5
Queue state post-release: []
Head of execution queue:  []
Release received from ............. 1
Queue state post-release: []
Head of execution queue:  []
Sending reply to client 1
Adding new request [[95, '1']]
Release received from ............. 1
Queue state post-release: []
Head of execution queue:  []
Release received from ............. 1
Queue state post-release: []
Head of execution queue:  []
Sending reply to client 3
Adding new request [[97, '3']]
Release received from ............. 3
Queue state post-release: []
Head of execution queue:  []
Received request from server. Transaction:  {'type': 'balance', 'from': '2'}
Adding new request [[99, '2']]
Sending reply to client 1
Adding new request [[99, '1'], [99, '2']]
Sending requests to clients....
Received reply from  1
Received reply from  3
Received reply from  4
Received reply from  5
Head of execution queue:  [[99, '1'], [99, '2']]
Sending reply to client 4
Adding new request [[99, '1'], [99, '2'], [99, '4']]
Sending reply to client 3
Adding new request [[99, '1'], [99, '2'], [99, '3'], [99, '4']]
Release received from ............. 1
Queue state post-release: [[99, '2'], [99, '3'], [99, '4']]
Head of execution queue:  [[99, '2'], [99, '3'], [99, '4']]
Executing transfer request
Finished execution. Reply from server:  11.4
Sending reply to client 5
Adding new request [[99, '3'], [99, '4'], [99, '5']]
Release received from ............. 3
Queue state post-release: [[99, '4'], [99, '5']]
Head of execution queue:  [[99, '4'], [99, '5']]
Release received from ............. 4
Queue state post-release: [[99, '5']]
Head of execution queue:  [[99, '5']]
Release received from ............. 5
Queue state post-release: []
Head of execution queue:  []
Sending reply to client 1
Adding new request [[105, '1']]
Release received from ............. 1
Queue state post-release: []
Head of execution queue:  []
Received request from server. Transaction:  {'type': 'balance', 'from': '2'}
Adding new request [[107, '2']]
Sending reply to client 4
Adding new request [[107, '2'], [107, '4']]
Sending reply to client 5
Adding new request [[107, '2'], [107, '4'], [107, '5']]
Sending reply to client 3
Adding new request [[107, '2'], [107, '3'], [107, '4'], [107, '5']]
Sending reply to client 1
Adding new request [[107, '1'], [107, '2'], [107, '3'], [107, '4'], [107, '5']]
Sending requests to clients....
Received reply from  3
Received reply from  1
Received reply from  4
Received reply from  5
Head of execution queue:  [[107, '1'], [107, '2'], [107, '3'], [107, '4'], [107, '5']]
Release received from ............. 1
Queue state post-release: [[107, '2'], [107, '3'], [107, '4'], [107, '5']]
Head of execution queue:  [[107, '2'], [107, '3'], [107, '4'], [107, '5']]
Executing transfer request
Finished execution. Reply from server:  11.4
Release received from ............. 3
Queue state post-release: [[107, '4'], [107, '5']]
Head of execution queue:  [[107, '4'], [107, '5']]
Release received from ............. 4
Queue state post-release: [[107, '5']]
Head of execution queue:  [[107, '5']]
Release received from ............. 5
Queue state post-release: []
Head of execution queue:  []
Sending reply to client 1
Adding new request [[113, '1']]
Sending reply to client 1
Adding new request [[113, '1'], [115, '1']]
Sending reply to client 1
Adding new request [[113, '1'], [114, '1'], [115, '1']]
Release received from ............. 1
Queue state post-release: []
Head of execution queue:  []
Release received from ............. 1
Queue state post-release: []
Head of execution queue:  []
Release received from ............. 1
Queue state post-release: []
Head of execution queue:  []
Sending reply to client 1
Adding new request [[119, '1']]
Release received from ............. 1
Queue state post-release: []
Head of execution queue:  []
Received request from server. Transaction:  {'type': 'send_money', 'from': '2', 'to': '1', 'amount': '3'}
Adding new request [[121, '2']]
Received request from server. Transaction:  {'type': 'balance', 'from': '2'}
Adding new request [[121, '2'], [122, '2']]
Sending requests to clients....
Received reply from  1
Received reply from  3
Received reply from  4
Received reply from  5
Head of execution queue:  [[121, '2'], [122, '2']]
Sending reply to client 1
Adding new request [[121, '1'], [121, '2'], [122, '2']]
Sending requests to clients....
Received reply from  1
Head of execution queue:  [[121, '1'], [121, '2'], [122, '2']]
Received reply from  3
Head of execution queue:  [[121, '1'], [121, '2'], [122, '2']]
Received reply from  5
Head of execution queue:  [[121, '1'], [121, '2'], [122, '2']]
Received reply from  4
Head of execution queue:  [[121, '1'], [121, '2'], [122, '2']]
Sending reply to client 3
Adding new request [[121, '1'], [121, '2'], [121, '3'], [122, '2']]
Sending reply to client 3
Adding new request [[121, '1'], [121, '2'], [121, '3'], [122, '2'], [122, '3']]
Release received from ............. 1
Queue state post-release: [[121, '2'], [121, '3'], [122, '2'], [122, '3']]
Head of execution queue:  [[121, '2'], [121, '3'], [122, '2'], [122, '3']]
Executing transfer request
Finished execution. Reply from server:  pass
Release received from ............. 3
Queue state post-release: [[122, '2']]
Head of execution queue:  [[122, '2']]
Executing transfer request
Finished execution. Reply from server:  10.600000000000001
Release received from ............. 3
Queue state post-release: []
Head of execution queue:  []
Sending reply to client 1
Adding new request [[127, '1']]
Release received from ............. 1
Queue state post-release: []
Head of execution queue:  []
