Initializing client  3
Client 3 operational node listening actively on 127.0.0.1:9713
Received request from server. Transaction:  {'type': 'balance', 'from': '3'}
Adding new request [[1, '3']]
Sending reply to client 4
Adding new request [[1, '3'], [1, '4']]
Sending reply to client 5
Adding new request [[1, '3'], [1, '4'], [1, '5']]
Sending reply to client 1
Adding new request [[1, '1'], [1, '3'], [1, '4'], [1, '5']]
Sending requests to clients....
Received reply from  1
Received reply from  2
Received reply from  4
Received reply from  5
Head of execution queue:  [[1, '1'], [1, '3'], [1, '4'], [1, '5']]
Release received from ............. 1
Queue state post-release: [[1, '3'], [1, '4'], [1, '5']]
Head of execution queue:  [[1, '3'], [1, '4'], [1, '5']]
Sending reply to client 2
Adding new request [[1, '2'], [1, '3'], [1, '4'], [1, '5']]
Release received from ............. 2
Queue state post-release: [[1, '3'], [1, '4'], [1, '5']]
Head of execution queue:  [[1, '3'], [1, '4'], [1, '5']]
Executing transfer request
Finished execution. Reply from server:  10
Release received from ............. 4
Queue state post-release: [[1, '5']]
Head of execution queue:  [[1, '5']]
Release received from ............. 5
Queue state post-release: []
Head of execution queue:  []
Received request from server. Transaction:  {'type': 'send_money', 'from': '3', 'to': '4', 'amount': '2.3'}
Adding new request [[7, '3']]
Sending requests to clients....
Received reply from  1
Received reply from  2
Received reply from  4
Received reply from  5
Head of execution queue:  [[7, '3']]
Sending reply to client 2
Adding new request [[7, '2'], [7, '3']]
Sending reply to client 1
Adding new request [[7, '1'], [7, '2'], [7, '3']]
Release received from ............. 1
Queue state post-release: [[7, '2'], [7, '3']]
Head of execution queue:  [[7, '2'], [7, '3']]
Release received from ............. 2
Queue state post-release: [[7, '3']]
Head of execution queue:  [[7, '3']]
Executing transfer request
Finished execution. Reply from server:  pass
Sending reply to client 5
Adding new request [[11, '5']]
Sending reply to client 2
Adding new request [[11, '2'], [11, '5']]
Sending reply to client 1
Adding new request [[11, '1'], [11, '2'], [11, '5']]
Sending reply to client 5
Adding new request [[11, '1'], [11, '2'], [11, '5'], [12, '5']]
Release received from ............. 1
Queue state post-release: [[11, '2'], [11, '5'], [12, '5']]
Head of execution queue:  [[11, '2'], [11, '5'], [12, '5']]
Release received from ............. 2
Queue state post-release: [[11, '5'], [12, '5']]
Head of execution queue:  [[11, '5'], [12, '5']]
Release received from ............. 5
Queue state post-release: []
Head of execution queue:  []
